
> foodbridge-frontend@0.0.0 build
> tsc -b && vite build

src/hooks/useFirestoreListener.ts(49,28): error TS2352: Conversion of type '{ id: string; }' to type 'T' may be a mistake because neither type sufficiently overlaps with the other. If this was intentional, convert the expression to 'unknown' first.
  '{ id: string; }' is assignable to the constraint of type 'T', but 'T' could be instantiated with a different subtype of constraint 'DocumentData'.
src/pages/AdminDashboard.tsx(67,10): error TS2769: No overload matches this call.
  Overload 1 of 2, '(props: { component: ElementType<any, keyof IntrinsicElements>; } & GridBaseProps & { sx?: SxProps<Theme> | undefined; } & Omit<...>): Element | null', gave the following error.
    Property 'component' is missing in type '{ children: Element; item: true; xs: number; sm: number; md: number; }' but required in type '{ component: ElementType<any, keyof IntrinsicElements>; }'.
  Overload 2 of 2, '(props: DefaultComponentProps<GridTypeMap<{}, "div">>): Element | null', gave the following error.
    Type '{ children: Element; item: true; xs: number; sm: number; md: number; }' is not assignable to type 'IntrinsicAttributes & GridBaseProps & { sx?: SxProps<Theme> | undefined; } & Omit<DetailedHTMLProps<HTMLAttributes<HTMLDivElement>, HTMLDivElement>, "sx" | keyof GridBaseProps>'.
      Property 'item' does not exist on type 'IntrinsicAttributes & GridBaseProps & { sx?: SxProps<Theme> | undefined; } & Omit<DetailedHTMLProps<HTMLAttributes<HTMLDivElement>, HTMLDivElement>, "sx" | keyof GridBaseProps>'.
src/pages/AdminDashboard.tsx(81,10): error TS2769: No overload matches this call.
  Overload 1 of 2, '(props: { component: ElementType<any, keyof IntrinsicElements>; } & GridBaseProps & { sx?: SxProps<Theme> | undefined; } & Omit<...>): Element | null', gave the following error.
    Property 'component' is missing in type '{ children: Element; item: true; xs: number; sm: number; md: number; }' but required in type '{ component: ElementType<any, keyof IntrinsicElements>; }'.
  Overload 2 of 2, '(props: DefaultComponentProps<GridTypeMap<{}, "div">>): Element | null', gave the following error.
    Type '{ children: Element; item: true; xs: number; sm: number; md: number; }' is not assignable to type 'IntrinsicAttributes & GridBaseProps & { sx?: SxProps<Theme> | undefined; } & Omit<DetailedHTMLProps<HTMLAttributes<HTMLDivElement>, HTMLDivElement>, "sx" | keyof GridBaseProps>'.
      Property 'item' does not exist on type 'IntrinsicAttributes & GridBaseProps & { sx?: SxProps<Theme> | undefined; } & Omit<DetailedHTMLProps<HTMLAttributes<HTMLDivElement>, HTMLDivElement>, "sx" | keyof GridBaseProps>'.
src/pages/AdminDashboard.tsx(95,10): error TS2769: No overload matches this call.
  Overload 1 of 2, '(props: { component: ElementType<any, keyof IntrinsicElements>; } & GridBaseProps & { sx?: SxProps<Theme> | undefined; } & Omit<...>): Element | null', gave the following error.
    Property 'component' is missing in type '{ children: Element; item: true; xs: number; sm: number; md: number; }' but required in type '{ component: ElementType<any, keyof IntrinsicElements>; }'.
  Overload 2 of 2, '(props: DefaultComponentProps<GridTypeMap<{}, "div">>): Element | null', gave the following error.
    Type '{ children: Element; item: true; xs: number; sm: number; md: number; }' is not assignable to type 'IntrinsicAttributes & GridBaseProps & { sx?: SxProps<Theme> | undefined; } & Omit<DetailedHTMLProps<HTMLAttributes<HTMLDivElement>, HTMLDivElement>, "sx" | keyof GridBaseProps>'.
      Property 'item' does not exist on type 'IntrinsicAttributes & GridBaseProps & { sx?: SxProps<Theme> | undefined; } & Omit<DetailedHTMLProps<HTMLAttributes<HTMLDivElement>, HTMLDivElement>, "sx" | keyof GridBaseProps>'.
src/pages/AdminDashboard.tsx(109,10): error TS2769: No overload matches this call.
  Overload 1 of 2, '(props: { component: ElementType<any, keyof IntrinsicElements>; } & GridBaseProps & { sx?: SxProps<Theme> | undefined; } & Omit<...>): Element | null', gave the following error.
    Property 'component' is missing in type '{ children: Element; item: true; xs: number; sm: number; md: number; }' but required in type '{ component: ElementType<any, keyof IntrinsicElements>; }'.
  Overload 2 of 2, '(props: DefaultComponentProps<GridTypeMap<{}, "div">>): Element | null', gave the following error.
    Type '{ children: Element; item: true; xs: number; sm: number; md: number; }' is not assignable to type 'IntrinsicAttributes & GridBaseProps & { sx?: SxProps<Theme> | undefined; } & Omit<DetailedHTMLProps<HTMLAttributes<HTMLDivElement>, HTMLDivElement>, "sx" | keyof GridBaseProps>'.
      Property 'item' does not exist on type 'IntrinsicAttributes & GridBaseProps & { sx?: SxProps<Theme> | undefined; } & Omit<DetailedHTMLProps<HTMLAttributes<HTMLDivElement>, HTMLDivElement>, "sx" | keyof GridBaseProps>'.
src/pages/AdminDashboard.tsx(123,10): error TS2769: No overload matches this call.
  Overload 1 of 2, '(props: { component: ElementType<any, keyof IntrinsicElements>; } & GridBaseProps & { sx?: SxProps<Theme> | undefined; } & Omit<...>): Element | null', gave the following error.
    Property 'component' is missing in type '{ children: Element; item: true; xs: number; sm: number; md: number; }' but required in type '{ component: ElementType<any, keyof IntrinsicElements>; }'.
  Overload 2 of 2, '(props: DefaultComponentProps<GridTypeMap<{}, "div">>): Element | null', gave the following error.
    Type '{ children: Element; item: true; xs: number; sm: number; md: number; }' is not assignable to type 'IntrinsicAttributes & GridBaseProps & { sx?: SxProps<Theme> | undefined; } & Omit<DetailedHTMLProps<HTMLAttributes<HTMLDivElement>, HTMLDivElement>, "sx" | keyof GridBaseProps>'.
      Property 'item' does not exist on type 'IntrinsicAttributes & GridBaseProps & { sx?: SxProps<Theme> | undefined; } & Omit<DetailedHTMLProps<HTMLAttributes<HTMLDivElement>, HTMLDivElement>, "sx" | keyof GridBaseProps>'.
src/pages/AdminDashboard.tsx(137,10): error TS2769: No overload matches this call.
  Overload 1 of 2, '(props: { component: ElementType<any, keyof IntrinsicElements>; } & GridBaseProps & { sx?: SxProps<Theme> | undefined; } & Omit<...>): Element | null', gave the following error.
    Property 'component' is missing in type '{ children: Element; item: true; xs: number; sm: number; md: number; }' but required in type '{ component: ElementType<any, keyof IntrinsicElements>; }'.
  Overload 2 of 2, '(props: DefaultComponentProps<GridTypeMap<{}, "div">>): Element | null', gave the following error.
    Type '{ children: Element; item: true; xs: number; sm: number; md: number; }' is not assignable to type 'IntrinsicAttributes & GridBaseProps & { sx?: SxProps<Theme> | undefined; } & Omit<DetailedHTMLProps<HTMLAttributes<HTMLDivElement>, HTMLDivElement>, "sx" | keyof GridBaseProps>'.
      Property 'item' does not exist on type 'IntrinsicAttributes & GridBaseProps & { sx?: SxProps<Theme> | undefined; } & Omit<DetailedHTMLProps<HTMLAttributes<HTMLDivElement>, HTMLDivElement>, "sx" | keyof GridBaseProps>'.
src/pages/AdminDashboard.tsx(156,12): error TS2769: No overload matches this call.
  Overload 1 of 2, '(props: { component: ElementType<any, keyof IntrinsicElements>; } & TypographyOwnProps & CommonProps & Omit<any, "children" | ... 9 more ... | "variantMapping">): Element | null', gave the following error.
    Property 'component' is missing in type '{ children: string; variant: "body2"; color: "textSecondary"; paragraph: true; }' but required in type '{ component: ElementType<any, keyof IntrinsicElements>; }'.
  Overload 2 of 2, '(props: DefaultComponentProps<TypographyTypeMap<{}, "span">>): Element | null', gave the following error.
    Type '{ children: string; variant: "body2"; color: "textSecondary"; paragraph: true; }' is not assignable to type 'IntrinsicAttributes & TypographyOwnProps & CommonProps & Omit<DetailedHTMLProps<HTMLAttributes<HTMLSpanElement>, HTMLSpanElement>, "children" | ... 9 more ... | "variantMapping">'.
      Property 'paragraph' does not exist on type 'IntrinsicAttributes & TypographyOwnProps & CommonProps & Omit<DetailedHTMLProps<HTMLAttributes<HTMLSpanElement>, HTMLSpanElement>, "children" | ... 9 more ... | "variantMapping">'.
src/pages/AdminListings.tsx(80,8): error TS2769: No overload matches this call.
  Overload 1 of 2, '(props: { component: ElementType<any, keyof IntrinsicElements>; } & BoxOwnProps<Theme> & Omit<any, keyof BoxOwnProps<Theme>>): Element | null', gave the following error.
    Property 'component' is missing in type '{ children: Element; display: string; justifyContent: string; alignItems: string; minHeight: string; }' but required in type '{ component: ElementType<any, keyof IntrinsicElements>; }'.
  Overload 2 of 2, '(props: DefaultComponentProps<BoxTypeMap<{}, "div", Theme>>): Element | null', gave the following error.
    Type '{ children: Element; display: string; justifyContent: string; alignItems: string; minHeight: string; }' is not assignable to type 'IntrinsicAttributes & BoxOwnProps<Theme> & Omit<DetailedHTMLProps<HTMLAttributes<HTMLDivElement>, HTMLDivElement>, keyof BoxOwnProps<...>>'.
      Property 'display' does not exist on type 'IntrinsicAttributes & BoxOwnProps<Theme> & Omit<DetailedHTMLProps<HTMLAttributes<HTMLDivElement>, HTMLDivElement>, keyof BoxOwnProps<...>>'.
src/pages/AdminUsers.tsx(80,8): error TS2769: No overload matches this call.
  Overload 1 of 2, '(props: { component: ElementType<any, keyof IntrinsicElements>; } & BoxOwnProps<Theme> & Omit<any, keyof BoxOwnProps<Theme>>): Element | null', gave the following error.
    Property 'component' is missing in type '{ children: Element; display: string; justifyContent: string; alignItems: string; minHeight: string; }' but required in type '{ component: ElementType<any, keyof IntrinsicElements>; }'.
  Overload 2 of 2, '(props: DefaultComponentProps<BoxTypeMap<{}, "div", Theme>>): Element | null', gave the following error.
    Type '{ children: Element; display: string; justifyContent: string; alignItems: string; minHeight: string; }' is not assignable to type 'IntrinsicAttributes & BoxOwnProps<Theme> & Omit<DetailedHTMLProps<HTMLAttributes<HTMLDivElement>, HTMLDivElement>, keyof BoxOwnProps<...>>'.
      Property 'display' does not exist on type 'IntrinsicAttributes & BoxOwnProps<Theme> & Omit<DetailedHTMLProps<HTMLAttributes<HTMLDivElement>, HTMLDivElement>, keyof BoxOwnProps<...>>'.
src/pages/DonorCreateListing.tsx(137,15): error TS2322: Type '{ error: boolean; helperText: string | undefined; disabled: boolean; onChange: ChangeHandler; onBlur: ChangeHandler; ref: RefCallBack; name: "expirationTime"; ... 10 more ...; InputLabelProps: { ...; }; }' is not assignable to type 'IntrinsicAttributes & { variant?: TextFieldVariants | undefined; } & Omit<OutlinedTextFieldProps | FilledTextFieldProps | StandardTextFieldProps, "variant">'.
  Property 'InputLabelProps' does not exist on type 'IntrinsicAttributes & { variant?: TextFieldVariants | undefined; } & Omit<OutlinedTextFieldProps | FilledTextFieldProps | StandardTextFieldProps, "variant">'.
src/pages/DonorDashboard.tsx(23,29): error TS6133: 'updateFoodListingStatus' is declared but its value is never read.
src/pages/DonorDashboard.tsx(26,10): error TS1484: 'FoodListing' is a type and must be imported using a type-only import when 'verbatimModuleSyntax' is enabled.
src/pages/DonorDashboard.tsx(73,8): error TS2769: No overload matches this call.
  Overload 1 of 2, '(props: { component: ElementType<any, keyof IntrinsicElements>; } & BoxOwnProps<Theme> & Omit<any, keyof BoxOwnProps<Theme>>): Element | null', gave the following error.
    Property 'component' is missing in type '{ children: Element; display: string; justifyContent: string; alignItems: string; minHeight: string; }' but required in type '{ component: ElementType<any, keyof IntrinsicElements>; }'.
  Overload 2 of 2, '(props: DefaultComponentProps<BoxTypeMap<{}, "div", Theme>>): Element | null', gave the following error.
    Type '{ children: Element; display: string; justifyContent: string; alignItems: string; minHeight: string; }' is not assignable to type 'IntrinsicAttributes & BoxOwnProps<Theme> & Omit<DetailedHTMLProps<HTMLAttributes<HTMLDivElement>, HTMLDivElement>, keyof BoxOwnProps<...>>'.
      Property 'display' does not exist on type 'IntrinsicAttributes & BoxOwnProps<Theme> & Omit<DetailedHTMLProps<HTMLAttributes<HTMLDivElement>, HTMLDivElement>, keyof BoxOwnProps<...>>'.
src/pages/DonorDashboard.tsx(98,12): error TS2769: No overload matches this call.
  Overload 1 of 2, '(props: { component: ElementType<any, keyof IntrinsicElements>; } & TypographyOwnProps & CommonProps & Omit<any, "children" | ... 9 more ... | "variantMapping">): Element | null', gave the following error.
    Property 'component' is missing in type '{ children: string; color: "textSecondary"; paragraph: true; }' but required in type '{ component: ElementType<any, keyof IntrinsicElements>; }'.
  Overload 2 of 2, '(props: DefaultComponentProps<TypographyTypeMap<{}, "span">>): Element | null', gave the following error.
    Type '{ children: string; color: "textSecondary"; paragraph: true; }' is not assignable to type 'IntrinsicAttributes & TypographyOwnProps & CommonProps & Omit<DetailedHTMLProps<HTMLAttributes<HTMLSpanElement>, HTMLSpanElement>, "children" | ... 9 more ... | "variantMapping">'.
      Property 'paragraph' does not exist on type 'IntrinsicAttributes & TypographyOwnProps & CommonProps & Omit<DetailedHTMLProps<HTMLAttributes<HTMLSpanElement>, HTMLSpanElement>, "children" | ... 9 more ... | "variantMapping">'.
src/pages/DonorEditListing.tsx(18,10): error TS1484: 'FoodListing' is a type and must be imported using a type-only import when 'verbatimModuleSyntax' is enabled.
src/pages/DonorEditListing.tsx(53,26): error TS2339: Property 'status' does not exist on type '{ id: string; }'.
src/pages/DonorEditListing.tsx(59,20): error TS2345: Argument of type '{ id: string; }' is not assignable to parameter of type 'SetStateAction<FoodListing | null>'.
  Type '{ id: string; }' is missing the following properties from type 'FoodListing': donorId, foodItemName, quantity, expirationTime, and 4 more.
src/pages/DonorEditListing.tsx(62,45): error TS2339: Property 'expirationTime' does not exist on type '{ id: string; }'.
src/pages/DonorEditListing.tsx(63,26): error TS2339: Property 'expirationTime' does not exist on type '{ id: string; }'.
src/pages/DonorEditListing.tsx(64,35): error TS2339: Property 'expirationTime' does not exist on type '{ id: string; }'.
src/pages/DonorEditListing.tsx(67,38): error TS2339: Property 'foodItemName' does not exist on type '{ id: string; }'.
src/pages/DonorEditListing.tsx(68,34): error TS2339: Property 'quantity' does not exist on type '{ id: string; }'.
src/pages/DonorEditListing.tsx(69,40): error TS2339: Property 'pickupLocation' does not exist on type '{ id: string; }'.
src/pages/DonorEditListing.tsx(82,8): error TS2769: No overload matches this call.
  Overload 1 of 2, '(props: { component: ElementType<any, keyof IntrinsicElements>; } & BoxOwnProps<Theme> & Omit<any, keyof BoxOwnProps<Theme>>): Element | null', gave the following error.
    Property 'component' is missing in type '{ children: Element; display: string; justifyContent: string; alignItems: string; minHeight: string; }' but required in type '{ component: ElementType<any, keyof IntrinsicElements>; }'.
  Overload 2 of 2, '(props: DefaultComponentProps<BoxTypeMap<{}, "div", Theme>>): Element | null', gave the following error.
    Type '{ children: Element; display: string; justifyContent: string; alignItems: string; minHeight: string; }' is not assignable to type 'IntrinsicAttributes & BoxOwnProps<Theme> & Omit<DetailedHTMLProps<HTMLAttributes<HTMLDivElement>, HTMLDivElement>, keyof BoxOwnProps<...>>'.
      Property 'display' does not exist on type 'IntrinsicAttributes & BoxOwnProps<Theme> & Omit<DetailedHTMLProps<HTMLAttributes<HTMLDivElement>, HTMLDivElement>, keyof BoxOwnProps<...>>'.
src/pages/DonorEditListing.tsx(190,15): error TS2322: Type '{ error: boolean; helperText: string | undefined; disabled: boolean; onChange: ChangeHandler; onBlur: ChangeHandler; ref: RefCallBack; name: "expirationTime"; ... 10 more ...; InputLabelProps: { ...; }; }' is not assignable to type 'IntrinsicAttributes & { variant?: TextFieldVariants | undefined; } & Omit<OutlinedTextFieldProps | FilledTextFieldProps | StandardTextFieldProps, "variant">'.
  Property 'InputLabelProps' does not exist on type 'IntrinsicAttributes & { variant?: TextFieldVariants | undefined; } & Omit<OutlinedTextFieldProps | FilledTextFieldProps | StandardTextFieldProps, "variant">'.
src/pages/LandingPage.tsx(85,12): error TS2769: No overload matches this call.
  Overload 1 of 2, '(props: { component: ElementType<any, keyof IntrinsicElements>; } & GridBaseProps & { sx?: SxProps<Theme> | undefined; } & Omit<...>): Element | null', gave the following error.
    Property 'component' is missing in type '{ children: Element; item: true; xs: number; md: number; }' but required in type '{ component: ElementType<any, keyof IntrinsicElements>; }'.
  Overload 2 of 2, '(props: DefaultComponentProps<GridTypeMap<{}, "div">>): Element | null', gave the following error.
    Type '{ children: Element; item: true; xs: number; md: number; }' is not assignable to type 'IntrinsicAttributes & GridBaseProps & { sx?: SxProps<Theme> | undefined; } & Omit<DetailedHTMLProps<HTMLAttributes<HTMLDivElement>, HTMLDivElement>, "sx" | keyof GridBaseProps>'.
      Property 'item' does not exist on type 'IntrinsicAttributes & GridBaseProps & { sx?: SxProps<Theme> | undefined; } & Omit<DetailedHTMLProps<HTMLAttributes<HTMLDivElement>, HTMLDivElement>, "sx" | keyof GridBaseProps>'.
src/pages/LandingPage.tsx(100,18): error TS2769: No overload matches this call.
  Overload 1 of 2, '(props: { component: ElementType<any, keyof IntrinsicElements>; } & TypographyOwnProps & CommonProps & Omit<any, "children" | ... 9 more ... | "variantMapping">): Element | null', gave the following error.
    Property 'component' is missing in type '{ children: Element; variant: "body2"; color: "textSecondary"; paragraph: true; }' but required in type '{ component: ElementType<any, keyof IntrinsicElements>; }'.
  Overload 2 of 2, '(props: DefaultComponentProps<TypographyTypeMap<{}, "span">>): Element | null', gave the following error.
    Type '{ children: Element; variant: "body2"; color: "textSecondary"; paragraph: true; }' is not assignable to type 'IntrinsicAttributes & TypographyOwnProps & CommonProps & Omit<DetailedHTMLProps<HTMLAttributes<HTMLSpanElement>, HTMLSpanElement>, "children" | ... 9 more ... | "variantMapping">'.
      Property 'paragraph' does not exist on type 'IntrinsicAttributes & TypographyOwnProps & CommonProps & Omit<DetailedHTMLProps<HTMLAttributes<HTMLSpanElement>, HTMLSpanElement>, "children" | ... 9 more ... | "variantMapping">'.
src/pages/LandingPage.tsx(114,12): error TS2769: No overload matches this call.
  Overload 1 of 2, '(props: { component: ElementType<any, keyof IntrinsicElements>; } & GridBaseProps & { sx?: SxProps<Theme> | undefined; } & Omit<...>): Element | null', gave the following error.
    Property 'component' is missing in type '{ children: Element; item: true; xs: number; md: number; }' but required in type '{ component: ElementType<any, keyof IntrinsicElements>; }'.
  Overload 2 of 2, '(props: DefaultComponentProps<GridTypeMap<{}, "div">>): Element | null', gave the following error.
    Type '{ children: Element; item: true; xs: number; md: number; }' is not assignable to type 'IntrinsicAttributes & GridBaseProps & { sx?: SxProps<Theme> | undefined; } & Omit<DetailedHTMLProps<HTMLAttributes<HTMLDivElement>, HTMLDivElement>, "sx" | keyof GridBaseProps>'.
      Property 'item' does not exist on type 'IntrinsicAttributes & GridBaseProps & { sx?: SxProps<Theme> | undefined; } & Omit<DetailedHTMLProps<HTMLAttributes<HTMLDivElement>, HTMLDivElement>, "sx" | keyof GridBaseProps>'.
src/pages/LandingPage.tsx(129,18): error TS2769: No overload matches this call.
  Overload 1 of 2, '(props: { component: ElementType<any, keyof IntrinsicElements>; } & TypographyOwnProps & CommonProps & Omit<any, "children" | ... 9 more ... | "variantMapping">): Element | null', gave the following error.
    Property 'component' is missing in type '{ children: Element; variant: "body2"; color: "textSecondary"; paragraph: true; }' but required in type '{ component: ElementType<any, keyof IntrinsicElements>; }'.
  Overload 2 of 2, '(props: DefaultComponentProps<TypographyTypeMap<{}, "span">>): Element | null', gave the following error.
    Type '{ children: Element; variant: "body2"; color: "textSecondary"; paragraph: true; }' is not assignable to type 'IntrinsicAttributes & TypographyOwnProps & CommonProps & Omit<DetailedHTMLProps<HTMLAttributes<HTMLSpanElement>, HTMLSpanElement>, "children" | ... 9 more ... | "variantMapping">'.
      Property 'paragraph' does not exist on type 'IntrinsicAttributes & TypographyOwnProps & CommonProps & Omit<DetailedHTMLProps<HTMLAttributes<HTMLSpanElement>, HTMLSpanElement>, "children" | ... 9 more ... | "variantMapping">'.
src/pages/ReceiverClaimsHistory.tsx(17,10): error TS1484: 'FoodListing' is a type and must be imported using a type-only import when 'verbatimModuleSyntax' is enabled.
src/pages/ReceiverClaimsHistory.tsx(35,19): error TS2345: Argument of type '{ id: string; }[]' is not assignable to parameter of type 'SetStateAction<FoodListing[]>'.
  Type '{ id: string; }[]' is not assignable to type 'FoodListing[]'.
    Type '{ id: string; }' is missing the following properties from type 'FoodListing': donorId, foodItemName, quantity, expirationTime, and 4 more.
src/pages/ReceiverClaimsHistory.tsx(54,8): error TS2769: No overload matches this call.
  Overload 1 of 2, '(props: { component: ElementType<any, keyof IntrinsicElements>; } & BoxOwnProps<Theme> & Omit<any, keyof BoxOwnProps<Theme>>): Element | null', gave the following error.
    Property 'component' is missing in type '{ children: Element; display: string; justifyContent: string; alignItems: string; minHeight: string; }' but required in type '{ component: ElementType<any, keyof IntrinsicElements>; }'.
  Overload 2 of 2, '(props: DefaultComponentProps<BoxTypeMap<{}, "div", Theme>>): Element | null', gave the following error.
    Type '{ children: Element; display: string; justifyContent: string; alignItems: string; minHeight: string; }' is not assignable to type 'IntrinsicAttributes & BoxOwnProps<Theme> & Omit<DetailedHTMLProps<HTMLAttributes<HTMLDivElement>, HTMLDivElement>, keyof BoxOwnProps<...>>'.
      Property 'display' does not exist on type 'IntrinsicAttributes & BoxOwnProps<Theme> & Omit<DetailedHTMLProps<HTMLAttributes<HTMLDivElement>, HTMLDivElement>, keyof BoxOwnProps<...>>'.
src/pages/ReceiverClaimsHistory.tsx(70,12): error TS2769: No overload matches this call.
  Overload 1 of 2, '(props: { component: ElementType<any, keyof IntrinsicElements>; } & TypographyOwnProps & CommonProps & Omit<any, "children" | ... 9 more ... | "variantMapping">): Element | null', gave the following error.
    Property 'component' is missing in type '{ children: string; color: "textSecondary"; paragraph: true; }' but required in type '{ component: ElementType<any, keyof IntrinsicElements>; }'.
  Overload 2 of 2, '(props: DefaultComponentProps<TypographyTypeMap<{}, "span">>): Element | null', gave the following error.
    Type '{ children: string; color: "textSecondary"; paragraph: true; }' is not assignable to type 'IntrinsicAttributes & TypographyOwnProps & CommonProps & Omit<DetailedHTMLProps<HTMLAttributes<HTMLSpanElement>, HTMLSpanElement>, "children" | ... 9 more ... | "variantMapping">'.
      Property 'paragraph' does not exist on type 'IntrinsicAttributes & TypographyOwnProps & CommonProps & Omit<DetailedHTMLProps<HTMLAttributes<HTMLSpanElement>, HTMLSpanElement>, "children" | ... 9 more ... | "variantMapping">'.
src/pages/ReceiverDashboard.tsx(27,10): error TS1484: 'FoodListing' is a type and must be imported using a type-only import when 'verbatimModuleSyntax' is enabled.
src/pages/ReceiverDashboard.tsx(85,8): error TS2769: No overload matches this call.
  Overload 1 of 2, '(props: { component: ElementType<any, keyof IntrinsicElements>; } & BoxOwnProps<Theme> & Omit<any, keyof BoxOwnProps<Theme>>): Element | null', gave the following error.
    Property 'component' is missing in type '{ children: Element; display: string; justifyContent: string; alignItems: string; minHeight: string; }' but required in type '{ component: ElementType<any, keyof IntrinsicElements>; }'.
  Overload 2 of 2, '(props: DefaultComponentProps<BoxTypeMap<{}, "div", Theme>>): Element | null', gave the following error.
    Type '{ children: Element; display: string; justifyContent: string; alignItems: string; minHeight: string; }' is not assignable to type 'IntrinsicAttributes & BoxOwnProps<Theme> & Omit<DetailedHTMLProps<HTMLAttributes<HTMLDivElement>, HTMLDivElement>, keyof BoxOwnProps<...>>'.
      Property 'display' does not exist on type 'IntrinsicAttributes & BoxOwnProps<Theme> & Omit<DetailedHTMLProps<HTMLAttributes<HTMLDivElement>, HTMLDivElement>, keyof BoxOwnProps<...>>'.
src/pages/ReceiverDashboard.tsx(109,12): error TS2769: No overload matches this call.
  Overload 1 of 2, '(props: { component: ElementType<any, keyof IntrinsicElements>; } & TypographyOwnProps & CommonProps & Omit<any, "children" | ... 9 more ... | "variantMapping">): Element | null', gave the following error.
    Property 'component' is missing in type '{ children: string; color: "textSecondary"; paragraph: true; }' but required in type '{ component: ElementType<any, keyof IntrinsicElements>; }'.
  Overload 2 of 2, '(props: DefaultComponentProps<TypographyTypeMap<{}, "span">>): Element | null', gave the following error.
    Type '{ children: string; color: "textSecondary"; paragraph: true; }' is not assignable to type 'IntrinsicAttributes & TypographyOwnProps & CommonProps & Omit<DetailedHTMLProps<HTMLAttributes<HTMLSpanElement>, HTMLSpanElement>, "children" | ... 9 more ... | "variantMapping">'.
      Property 'paragraph' does not exist on type 'IntrinsicAttributes & TypographyOwnProps & CommonProps & Omit<DetailedHTMLProps<HTMLAttributes<HTMLSpanElement>, HTMLSpanElement>, "children" | ... 9 more ... | "variantMapping">'.
src/pages/UnauthorizedPage.tsx(25,10): error TS2769: No overload matches this call.
  Overload 1 of 2, '(props: { component: ElementType<any, keyof IntrinsicElements>; } & TypographyOwnProps & CommonProps & Omit<any, "children" | ... 9 more ... | "variantMapping">): Element | null', gave the following error.
    Property 'component' is missing in type '{ children: string; variant: "h6"; color: "textSecondary"; paragraph: true; }' but required in type '{ component: ElementType<any, keyof IntrinsicElements>; }'.
  Overload 2 of 2, '(props: DefaultComponentProps<TypographyTypeMap<{}, "span">>): Element | null', gave the following error.
    Type '{ children: string; variant: "h6"; color: "textSecondary"; paragraph: true; }' is not assignable to type 'IntrinsicAttributes & TypographyOwnProps & CommonProps & Omit<DetailedHTMLProps<HTMLAttributes<HTMLSpanElement>, HTMLSpanElement>, "children" | ... 9 more ... | "variantMapping">'.
      Property 'paragraph' does not exist on type 'IntrinsicAttributes & TypographyOwnProps & CommonProps & Omit<DetailedHTMLProps<HTMLAttributes<HTMLSpanElement>, HTMLSpanElement>, "children" | ... 9 more ... | "variantMapping">'.
src/pages/UnauthorizedPage.tsx(28,10): error TS2769: No overload matches this call.
  Overload 1 of 2, '(props: { component: ElementType<any, keyof IntrinsicElements>; } & TypographyOwnProps & CommonProps & Omit<any, "children" | ... 9 more ... | "variantMapping">): Element | null', gave the following error.
    Property 'component' is missing in type '{ children: string; variant: "body1"; paragraph: true; }' but required in type '{ component: ElementType<any, keyof IntrinsicElements>; }'.
  Overload 2 of 2, '(props: DefaultComponentProps<TypographyTypeMap<{}, "span">>): Element | null', gave the following error.
    Type '{ children: string; variant: "body1"; paragraph: true; }' is not assignable to type 'IntrinsicAttributes & TypographyOwnProps & CommonProps & Omit<DetailedHTMLProps<HTMLAttributes<HTMLSpanElement>, HTMLSpanElement>, "children" | ... 9 more ... | "variantMapping">'.
      Property 'paragraph' does not exist on type 'IntrinsicAttributes & TypographyOwnProps & CommonProps & Omit<DetailedHTMLProps<HTMLAttributes<HTMLSpanElement>, HTMLSpanElement>, "children" | ... 9 more ... | "variantMapping">'.
src/services/firebaseService.ts(4,3): error TS1484: 'Auth' is a type and must be imported using a type-only import when 'verbatimModuleSyntax' is enabled.
src/services/firebaseService.ts(10,3): error TS1484: 'User' is a type and must be imported using a type-only import when 'verbatimModuleSyntax' is enabled.
src/services/firebaseService.ts(24,3): error TS1484: 'DocumentData' is a type and must be imported using a type-only import when 'verbatimModuleSyntax' is enabled.
src/services/firebaseService.ts(24,3): error TS6133: 'DocumentData' is declared but its value is never read.
src/services/firebaseService.ts(25,3): error TS6133: 'Query' is declared but its value is never read.
